Processing esp32s3 (platform: espressif32@6.9.0; board: esp32-s3-devkitc-1; framework: arduino)
--------------------------------------------------------------------------------
Verbose mode can be enabled via `-v, --verbose` option
CONFIGURATION: https://docs.platformio.org/page/boards/espressif32/esp32-s3-devkitc-1.html
PLATFORM: Espressif 32 (6.9.0) > Espressif ESP32-S3-DevKitC-1-N8 (8 MB QD, No PSRAM)
HARDWARE: ESP32S3 240MHz, 320KB RAM, 8MB Flash
DEBUG: Current (esp-builtin) On-board (esp-builtin) External (cmsis-dap, esp-bridge, esp-prog, iot-bus-jtag, jlink, minimodule, olimex-arm-usb-ocd, olimex-arm-usb-ocd-h, olimex-arm-usb-tiny-h, olimex-jtag-tiny, tumpa)
PACKAGES: 
 - framework-arduinoespressif32 @ 3.20017.241212+sha.dcc1105b 
 - tool-esptoolpy @ 1.40501.0 (4.5.1) 
 - toolchain-riscv32-esp @ 8.4.0+2021r2-patch5 
 - toolchain-xtensa-esp32s3 @ 8.4.0+2021r2-patch5
LDF: Library Dependency Finder -> https://bit.ly/configure-pio-ldf
LDF Modes: Finder ~ chain, Compatibility ~ soft
Found 34 compatible libraries
Scanning dependencies...
Dependency Graph
|-- ArduinoJson @ 7.4.3
|-- ESP32 BLE Arduino @ 2.0.0
|-- Preferences @ 2.0.0
|-- USB @ 2.0.0
Building in release mode
Compiling .pio/build/esp32s3/src/main.cpp.o
Linking .pio/build/esp32s3/firmware.elf
Retrieving maximum program size .pio/build/esp32s3/firmware.elf
Checking size .pio/build/esp32s3/firmware.elf
Advanced Memory Usage is available via "PlatformIO Home > Project Inspect"
RAM:   [==        ]  17.7% (used 57892 bytes from 327680 bytes)
Flash: [==        ]  15.1% (used 992669 bytes from 6553600 bytes)
Building .pio/build/esp32s3/firmware.bin with action:
  "$PYTHONEXE" "$OBJCOPY" --chip esp32s3 elf2image --flash_mode ${__get_board_flash_mode(__env__)} --flash_freq ${__get_board_f_image(__env__)} --flash_size 16MB --elf-sha256-offset 0xb0 -o $TARGET $SOURCES
Building .pio/build/esp32s3/firmware.bin
esptool.py v4.5.1
Creating esp32s3 image...
Merged 3 ELF sections
Successfully created esp32s3 image.
========================= [SUCCESS] Took 9.74 seconds =========================
