** Drc report for creative-controller.kicad_pcb **
** Created on 2026-10-07T22:46:25+0800 **

** Found 10 DRC violations **
[silk_edge_clearance]: Silkscreen clipped by board edge
    Rule: board setup constraints silk; warning
    @(65.5000 mm, 108.0000 mm): Segment on Edge.Cuts
    @(61.2000 mm, 92.8000 mm): Rectangle of ENC2 on F.Silkscreen
[silk_edge_clearance]: Silkscreen clipped by board edge
    Rule: board setup constraints silk; warning
    @(146.5000 mm, 131.5000 mm): Segment on Edge.Cuts
    @(145.3300 mm, 105.4000 mm): Segment of SW12 on F.Silkscreen
[silk_edge_clearance]: Silkscreen clipped by board edge
    Rule: board setup constraints silk; warning
    @(146.5000 mm, 131.5000 mm): Segment on Edge.Cuts
    @(146.6200 mm, 104.1000 mm): Segment of SW12 on F.Silkscreen
[silk_edge_clearance]: Silkscreen clipped by board edge
    Rule: board setup constraints silk; warning
    @(68.5000 mm, 53.5000 mm): Segment on Edge.Cuts
    @(95.3000 mm, 55.0000 mm): Segment of J1 on F.Silkscreen
[silk_edge_clearance]: Silkscreen clipped by board edge
    Rule: board setup constraints silk; warning
    @(68.5000 mm, 53.5000 mm): Segment on Edge.Cuts
    @(104.7000 mm, 55.0000 mm): Segment of J1 on F.Silkscreen
[lib_footprint_mismatch]: Footprint 'ESP32-S3-WROOM-1' does not match copy in library 'RF_Module'.
    Local override; warning
    @(100.0000 mm, 133.0000 mm): Footprint U1
[silk_over_copper]: Silkscreen clipped by solder mask
    Local override; warning
    @(61.2000 mm, 92.8000 mm): Rectangle of ENC2 on F.Silkscreen
[silk_over_copper]: Silkscreen clipped by solder mask
    Local override; warning
    @(109.8400 mm, 128.0000 mm): Reference field of C2
[silk_over_copper]: Silkscreen clipped by solder mask
    Local override; warning
    @(109.5700 mm, 124.0000 mm): Reference field of C1
[silk_over_copper]: Silkscreen clipped by solder mask
    Local override; warning
    @(102.0000 mm, 62.2500 mm): Reference field of SW2

** Found 124 unconnected pads **
[unconnected_items]: Missing connection between items
    Local override; error
    @(104.3200 mm, 60.1300 mm): PTH pad S1 [/GND] of J1
    @(103.2500 mm, 61.0450 mm): Pad B12 [/GND] of J1 on F.Cu
[unconnected_items]: Missing connection between items
    Local override; error
    @(95.6800 mm, 60.1300 mm): PTH pad S1 [/GND] of J1
    @(96.7500 mm, 61.0450 mm): Pad A12 [/GND] of J1 on F.Cu
[unconnected_items]: Missing connection between items
    Local override; error
    @(88.1500 mm, 115.9000 mm): Pad 2 [/GND] of SW10 on F.Cu
    @(90.8500 mm, 115.9000 mm): Pad 2 [/GND] of SW11 on F.Cu
[unconnected_items]: Missing connection between items
    Local override; error
    @(117.0000 mm, 112.4900 mm): Pad 2 [/GND] of R9 on F.Cu
    @(120.0000 mm, 112.5200 mm): Pad 2 [/GND] of C8 on F.Cu
[unconnected_items]: Missing connection between items
    Local override; error
    @(95.6800 mm, 60.1300 mm): PTH pad S1 [/GND] of J1
    @(93.0000 mm, 61.4900 mm): Pad 2 [/GND] of R3 on F.Cu
[unconnected_items]: Missing connection between items
    Local override; error
    @(107.0000 mm, 61.4900 mm): Pad 2 [/GND] of R4 on F.Cu
    @(104.3200 mm, 60.1300 mm): PTH pad S1 [/GND] of J1
[unconnected_items]: Missing connection between items
    Local override; error
    @(104.3200 mm, 60.1300 mm): PTH pad S1 [/GND] of J1
    @(104.3200 mm, 55.9500 mm): PTH pad S1 [/GND] of J1
[unconnected_items]: Missing connection between items
    Local override; error
    @(95.6800 mm, 60.1300 mm): PTH pad S1 [/GND] of J1
    @(95.6800 mm, 55.9500 mm): PTH pad S1 [/GND] of J1
[unconnected_items]: Missing connection between items
    Local override; error
    @(113.0000 mm, 72.2250 mm): Pad 2 [/GND] of C4 on F.Cu
    @(116.8625 mm, 74.0000 mm): Pad 2 [/GND] of U3 on F.Cu
[unconnected_items]: Missing connection between items
    Local override; error
    @(99.0000 mm, 83.2250 mm): Pad 2 [/GND] of C6 on F.Cu
    @(102.8625 mm, 85.0000 mm): Pad 2 [/GND] of U4 on F.Cu
[unconnected_items]: Missing connection between items
    Local override; error
    @(111.0000 mm, 123.2250 mm): Pad 2 [/GND] of C1 on F.Cu
    @(111.0000 mm, 127.5200 mm): Pad 2 [/GND] of C2 on F.Cu
[unconnected_items]: Missing connection between items
    Local override; error
    @(95.0000 mm, 75.5200 mm): Pad 2 [/GND] of C9 on F.Cu
    @(92.8625 mm, 71.0000 mm): Pad 2 [/GND] of U2 on F.Cu
[unconnected_items]: Missing connection between items
    Local override; error
    @(122.0000 mm, 77.4900 mm): Pad 2 [/GND] of R6 on F.Cu
    @(116.8625 mm, 74.0000 mm): Pad 2 [/GND] of U3 on F.Cu
[unconnected_items]: Missing connection between items
    Local override; error
    @(73.1500 mm, 134.9000 mm): Pad 2 [/GND] of SW6 on F.Cu
    @(66.8500 mm, 134.9000 mm): Pad 2 [/GND] of SW6 on F.Cu
[unconnected_items]: Missing connection between items
    Local override; error
    @(133.8500 mm, 131.9000 mm): Pad 2 [/GND] of SW8 on F.Cu
    @(140.1500 mm, 131.9000 mm): Pad 2 [/GND] of SW8 on F.Cu
[unconnected_items]: Missing connection between items
    Local override; error
    @(70.8500 mm, 67.9000 mm): Pad 2 [/GND] of SW1 on F.Cu
    @(77.1500 mm, 67.9000 mm): Pad 2 [/GND] of SW1 on F.Cu
[unconnected_items]: Missing connection between items
    Local override; error
    @(127.1500 mm, 131.9000 mm): Pad 2 [/GND] of SW7 on F.Cu
    @(120.8500 mm, 131.9000 mm): Pad 2 [/GND] of SW7 on F.Cu
[unconnected_items]: Missing connection between items
    Local override; error
    @(120.8500 mm, 64.9000 mm): Pad 2 [/GND] of SW3 on F.Cu
    @(127.1500 mm, 64.9000 mm): Pad 2 [/GND] of SW3 on F.Cu
[unconnected_items]: Missing connection between items
    Local override; error
    @(72.9000 mm, 115.1500 mm): Pad 2 [/GND] of SW9 on F.Cu
    @(72.9000 mm, 108.8500 mm): Pad 2 [/GND] of SW9 on F.Cu
[unconnected_items]: Missing connection between items
    Local override; error
    @(134.8500 mm, 72.9000 mm): Pad 2 [/GND] of SW4 on F.Cu
    @(141.1500 mm, 72.9000 mm): Pad 2 [/GND] of SW4 on F.Cu
[unconnected_items]: Missing connection between items
    Local override; error
    @(97.1500 mm, 115.9000 mm): Pad 2 [/GND] of SW11 on F.Cu
    @(90.8500 mm, 115.9000 mm): Pad 2 [/GND] of SW11 on F.Cu
[unconnected_items]: Missing connection between items
    Local override; error
    @(81.8500 mm, 115.9000 mm): Pad 2 [/GND] of SW10 on F.Cu
    @(88.1500 mm, 115.9000 mm): Pad 2 [/GND] of SW10 on F.Cu
[unconnected_items]: Missing connection between items
    Local override; error
    @(132.8500 mm, 95.9000 mm): Pad 2 [/GND] of SW5 on F.Cu
    @(139.1500 mm, 95.9000 mm): Pad 2 [/GND] of SW5 on F.Cu
[unconnected_items]: Missing connection between items
    Local override; error
    @(98.8500 mm, 67.9000 mm): Pad 2 [/GND] of SW2 on F.Cu
    @(105.1500 mm, 67.9000 mm): Pad 2 [/GND] of SW2 on F.Cu
[unconnected_items]: Missing connection between items
    Local override; error
    @(123.0000 mm, 71.2250 mm): Pad 2 [/GND] of C5 on F.Cu
    @(122.0000 mm, 77.4900 mm): Pad 2 [/GND] of R6 on F.Cu
[unconnected_items]: Missing connection between items
    Local override; error
    @(103.2500 mm, 61.0450 mm): Pad B12 [/GND] of J1 on F.Cu
    @(96.7500 mm, 61.0450 mm): Pad A12 [/GND] of J1 on F.Cu
[unconnected_items]: Missing connection between items
    Local override; error
    @(99.0000 mm, 83.2250 mm): Pad 2 [/GND] of C6 on F.Cu
    @(102.4500 mm, 77.6500 mm): Pad 3 [/GND] of D2 on F.Cu
[unconnected_items]: Missing connection between items
    Local override; error
    @(105.1500 mm, 67.9000 mm): Pad 2 [/GND] of SW2 on F.Cu
    @(107.0000 mm, 61.4900 mm): Pad 2 [/GND] of R4 on F.Cu
[unconnected_items]: Missing connection between items
    Local override; error
    @(123.0000 mm, 71.2250 mm): Pad 2 [/GND] of C5 on F.Cu
    @(120.8500 mm, 64.9000 mm): Pad 2 [/GND] of SW3 on F.Cu
[unconnected_items]: Missing connection between items
    Local override; error
    @(127.1500 mm, 131.9000 mm): Pad 2 [/GND] of SW7 on F.Cu
    @(133.8500 mm, 131.9000 mm): Pad 2 [/GND] of SW8 on F.Cu
[unconnected_items]: Missing connection between items
    Local override; error
    @(98.8500 mm, 67.9000 mm): Pad 2 [/GND] of SW2 on F.Cu
    @(92.8625 mm, 71.0000 mm): Pad 2 [/GND] of U2 on F.Cu
[unconnected_items]: Missing connection between items
    Local override; error
    @(102.8625 mm, 85.0000 mm): Pad 2 [/GND] of U4 on F.Cu
    @(109.0000 mm, 88.2250 mm): Pad 2 [/GND] of C7 on F.Cu
[unconnected_items]: Missing connection between items
    Local override; error
    @(95.0000 mm, 75.5200 mm): Pad 2 [/GND] of C9 on F.Cu
    @(102.4500 mm, 77.6500 mm): Pad 3 [/GND] of D2 on F.Cu
[unconnected_items]: Missing connection between items
    Local override; error
    @(109.0000 mm, 88.2250 mm): Pad 2 [/GND] of C7 on F.Cu
    @(116.5100 mm, 86.0000 mm): Pad 2 [/GND] of R5 on F.Cu
[unconnected_items]: Missing connection between items
    Local override; error
    @(111.0000 mm, 127.5200 mm): Pad 2 [/GND] of C2 on F.Cu
    @(102.9000 mm, 129.8400 mm): PTH pad 41 [/GND] of U1
[unconnected_items]: Missing connection between items
    Local override; error
    @(105.1500 mm, 67.9000 mm): Pad 2 [/GND] of SW2 on F.Cu
    @(113.0000 mm, 72.2250 mm): Pad 2 [/GND] of C4 on F.Cu
[unconnected_items]: Missing connection between items
    Local override; error
    @(81.8500 mm, 115.9000 mm): Pad 2 [/GND] of SW10 on F.Cu
    @(72.9000 mm, 115.1500 mm): Pad 2 [/GND] of SW9 on F.Cu
[unconnected_items]: Missing connection between items
    Local override; error
    @(102.2000 mm, 131.9400 mm): PTH pad 41 [/GND] of U1
    @(108.7500 mm, 138.2600 mm): Pad 1 [/GND] of U1 on F.Cu
[unconnected_items]: Missing connection between items
    Local override; error
    @(72.9000 mm, 108.8500 mm): Pad 2 [/GND] of SW9 on F.Cu
    @(79.1500 mm, 102.0000 mm): Pad 2 [/GND] of J2 on F.Cu
[unconnected_items]: Missing connection between items
    Local override; error
    @(107.0000 mm, 97.5000 mm): PTH pad S2 [/GND] of ENC1
    @(109.0000 mm, 88.2250 mm): Pad 2 [/GND] of C7 on F.Cu
[unconnected_items]: Missing connection between items
    Local override; error
    @(88.1500 mm, 115.9000 mm): Pad 2 [/GND] of SW10 on F.Cu
    @(89.0000 mm, 125.5200 mm): Pad 2 [/GND] of C3 on F.Cu
[unconnected_items]: Missing connection between items
    Local override; error
    @(120.8500 mm, 131.9000 mm): Pad 2 [/GND] of SW7 on F.Cu
    @(111.0000 mm, 127.5200 mm): Pad 2 [/GND] of C2 on F.Cu
[unconnected_items]: Missing connection between items
    Local override; error
    @(134.8500 mm, 72.9000 mm): Pad 2 [/GND] of SW4 on F.Cu
    @(127.1500 mm, 64.9000 mm): Pad 2 [/GND] of SW3 on F.Cu
[unconnected_items]: Missing connection between items
    Local override; error
    @(100.1000 mm, 131.2400 mm): PTH pad 41 [/GND] of U1
    @(91.2500 mm, 138.2600 mm): Pad 40 [/GND] of U1 on F.Cu
[unconnected_items]: Missing connection between items
    Local override; error
    @(89.0000 mm, 125.5200 mm): Pad 2 [/GND] of C3 on F.Cu
    @(100.1000 mm, 129.8400 mm): PTH pad 41 [/GND] of U1
[unconnected_items]: Missing connection between items
    Local override; error
    @(111.0000 mm, 123.2250 mm): Pad 2 [/GND] of C1 on F.Cu
    @(117.0000 mm, 112.4900 mm): Pad 2 [/GND] of R9 on F.Cu
[unconnected_items]: Missing connection between items
    Local override; error
    @(67.5000 mm, 96.0000 mm): PTH pad C [/GND] of ENC2
    @(79.1500 mm, 102.0000 mm): Pad 2 [/GND] of J2 on F.Cu
[unconnected_items]: Missing connection between items
    Local override; error
    @(79.1500 mm, 102.0000 mm): Pad 2 [/GND] of J2 on F.Cu
    @(92.5000 mm, 100.0000 mm): PTH pad C [/GND] of ENC1
[unconnected_items]: Missing connection between items
    Local override; error
    @(107.0000 mm, 97.5000 mm): PTH pad S2 [/GND] of ENC1
    @(92.5000 mm, 100.0000 mm): PTH pad C [/GND] of ENC1
[unconnected_items]: Missing connection between items
    Local override; error
    @(77.1500 mm, 67.9000 mm): Pad 2 [/GND] of SW1 on F.Cu
    @(92.8625 mm, 71.0000 mm): Pad 2 [/GND] of U2 on F.Cu
[unconnected_items]: Missing connection between items
    Local override; error
    @(73.1500 mm, 134.9000 mm): Pad 2 [/GND] of SW6 on F.Cu
    @(91.2500 mm, 138.2600 mm): Pad 40 [/GND] of U1 on F.Cu
[unconnected_items]: Missing connection between items
    Local override; error
    @(132.8500 mm, 95.9000 mm): Pad 2 [/GND] of SW5 on F.Cu
    @(116.5100 mm, 86.0000 mm): Pad 2 [/GND] of R5 on F.Cu
[unconnected_items]: Missing connection between items
    Local override; error
    @(111.0000 mm, 128.4800 mm): Pad 1 [/+3V3] of C2 on F.Cu
    @(111.0000 mm, 124.7750 mm): Pad 1 [/+3V3] of C1 on F.Cu
[unconnected_items]: Missing connection between items
    Local override; error
    @(89.0000 mm, 118.5100 mm): Pad 1 [/+3V3] of R2 on F.Cu
    @(89.0000 mm, 122.5100 mm): Pad 1 [/+3V3] of R1 on F.Cu
[unconnected_items]: Missing connection between items
    Local override; error
    @(105.1375 mm, 84.0500 mm): Pad 5 [/+3V3] of U4 on F.Cu
    @(109.0000 mm, 89.7750 mm): Pad 1 [/+3V3] of C7 on F.Cu
[unconnected_items]: Missing connection between items
    Local override; error
    @(108.7500 mm, 136.9900 mm): Pad 2 [/+3V3] of U1 on F.Cu
    @(111.0000 mm, 128.4800 mm): Pad 1 [/+3V3] of C2 on F.Cu
[unconnected_items]: Missing connection between items
    Local override; error
    @(109.0000 mm, 89.7750 mm): Pad 1 [/+3V3] of C7 on F.Cu
    @(122.0000 mm, 82.5100 mm): Pad 1 [/+3V3] of R7 on F.Cu
[unconnected_items]: Missing connection between items
    Local override; error
    @(89.0000 mm, 122.5100 mm): Pad 1 [/+3V3] of R1 on F.Cu
    @(111.0000 mm, 124.7750 mm): Pad 1 [/+3V3] of C1 on F.Cu
[unconnected_items]: Missing connection between items
    Local override; error
    @(89.0000 mm, 118.5100 mm): Pad 1 [/+3V3] of R2 on F.Cu
    @(109.0000 mm, 89.7750 mm): Pad 1 [/+3V3] of C7 on F.Cu
[unconnected_items]: Missing connection between items
    Local override; error
    @(89.0000 mm, 126.4800 mm): Pad 1 [/EN] of C3 on F.Cu
    @(89.0000 mm, 121.4900 mm): Pad 2 [/EN] of R1 on F.Cu
[unconnected_items]: Missing connection between items
    Local override; error
    @(88.1500 mm, 112.1000 mm): Pad 1 [/EN] of SW10 on F.Cu
    @(81.8500 mm, 112.1000 mm): Pad 1 [/EN] of SW10 on F.Cu
[unconnected_items]: Missing connection between items
    Local override; error
    @(89.0000 mm, 121.4900 mm): Pad 2 [/EN] of R1 on F.Cu
    @(88.1500 mm, 112.1000 mm): Pad 1 [/EN] of SW10 on F.Cu
[unconnected_items]: Missing connection between items
    Local override; error
    @(89.0000 mm, 126.4800 mm): Pad 1 [/EN] of C3 on F.Cu
    @(108.7500 mm, 135.7200 mm): Pad 3 [/EN] of U1 on F.Cu
[unconnected_items]: Missing connection between items
    Local override; error
    @(105.1500 mm, 64.1000 mm): Pad 1 [/K_TOP] of SW2 on F.Cu
    @(98.8500 mm, 64.1000 mm): Pad 1 [/K_TOP] of SW2 on F.Cu
[unconnected_items]: Missing connection between items
    Local override; error
    @(77.1500 mm, 64.1000 mm): Pad 1 [/K_TOP] of SW1 on F.Cu
    @(70.8500 mm, 64.1000 mm): Pad 1 [/K_TOP] of SW1 on F.Cu
[unconnected_items]: Missing connection between items
    Local override; error
    @(98.8500 mm, 64.1000 mm): Pad 1 [/K_TOP] of SW2 on F.Cu
    @(77.1500 mm, 64.1000 mm): Pad 1 [/K_TOP] of SW1 on F.Cu
[unconnected_items]: Missing connection between items
    Local override; error
    @(108.7500 mm, 134.4500 mm): Pad 4 [/K_TOP] of U1 on F.Cu
    @(105.1500 mm, 64.1000 mm): Pad 1 [/K_TOP] of SW2 on F.Cu
[unconnected_items]: Missing connection between items
    Local override; error
    @(73.1500 mm, 131.1000 mm): Pad 1 [/K_SIDE] of SW6 on F.Cu
    @(66.8500 mm, 131.1000 mm): Pad 1 [/K_SIDE] of SW6 on F.Cu
[unconnected_items]: Missing connection between items
    Local override; error
    @(108.7500 mm, 133.1800 mm): Pad 5 [/K_SIDE] of U1 on F.Cu
    @(73.1500 mm, 131.1000 mm): Pad 1 [/K_SIDE] of SW6 on F.Cu
[unconnected_items]: Missing connection between items
    Local override; error
    @(127.1500 mm, 61.1000 mm): Pad 1 [/K_TR1] of SW3 on F.Cu
    @(120.8500 mm, 61.1000 mm): Pad 1 [/K_TR1] of SW3 on F.Cu
[unconnected_items]: Missing connection between items
    Local override; error
    @(120.8500 mm, 61.1000 mm): Pad 1 [/K_TR1] of SW3 on F.Cu
    @(108.7500 mm, 131.9100 mm): Pad 6 [/K_TR1] of U1 on F.Cu
[unconnected_items]: Missing connection between items
    Local override; error
    @(141.1500 mm, 69.1000 mm): Pad 1 [/K_TR2] of SW4 on F.Cu
    @(134.8500 mm, 69.1000 mm): Pad 1 [/K_TR2] of SW4 on F.Cu
[unconnected_items]: Missing connection between items
    Local override; error
    @(134.8500 mm, 69.1000 mm): Pad 1 [/K_TR2] of SW4 on F.Cu
    @(108.7500 mm, 130.6400 mm): Pad 7 [/K_TR2] of U1 on F.Cu
[unconnected_items]: Missing connection between items
    Local override; error
    @(127.1500 mm, 128.1000 mm): Pad 1 [/K_TALL1] of SW7 on F.Cu
    @(120.8500 mm, 128.1000 mm): Pad 1 [/K_TALL1] of SW7 on F.Cu
[unconnected_items]: Missing connection between items
    Local override; error
    @(120.8500 mm, 128.1000 mm): Pad 1 [/K_TALL1] of SW7 on F.Cu
    @(108.7500 mm, 129.3700 mm): Pad 8 [/K_TALL1] of U1 on F.Cu
[unconnected_items]: Missing connection between items
    Local override; error
    @(133.8500 mm, 128.1000 mm): Pad 1 [/K_TALL2] of SW8 on F.Cu
    @(140.1500 mm, 128.1000 mm): Pad 1 [/K_TALL2] of SW8 on F.Cu
[unconnected_items]: Missing connection between items
    Local override; error
    @(108.7500 mm, 128.1000 mm): Pad 9 [/K_TALL2] of U1 on F.Cu
    @(133.8500 mm, 128.1000 mm): Pad 1 [/K_TALL2] of SW8 on F.Cu
[unconnected_items]: Missing connection between items
    Local override; error
    @(139.1500 mm, 92.1000 mm): Pad 1 [/K_BR] of SW5 on F.Cu
    @(132.8500 mm, 92.1000 mm): Pad 1 [/K_BR] of SW5 on F.Cu
[unconnected_items]: Missing connection between items
    Local override; error
    @(132.8500 mm, 92.1000 mm): Pad 1 [/K_BR] of SW5 on F.Cu
    @(108.7500 mm, 126.8300 mm): Pad 10 [/K_BR] of U1 on F.Cu
[unconnected_items]: Missing connection between items
    Local override; error
    @(107.0000 mm, 102.5000 mm): PTH pad S1 [/K_KNOB] of ENC1
    @(108.7500 mm, 125.5600 mm): Pad 11 [/K_KNOB] of U1 on F.Cu
[unconnected_items]: Missing connection between items
    Local override; error
    @(69.1000 mm, 108.8500 mm): Pad 1 [/K_WHEEL] of SW9 on F.Cu
    @(69.1000 mm, 115.1500 mm): Pad 1 [/K_WHEEL] of SW9 on F.Cu
[unconnected_items]: Missing connection between items
    Local override; error
    @(69.1000 mm, 115.1500 mm): Pad 1 [/K_WHEEL] of SW9 on F.Cu
    @(108.7500 mm, 124.2900 mm): Pad 12 [/K_WHEEL] of U1 on F.Cu
[unconnected_items]: Missing connection between items
    Local override; error
    @(100.7500 mm, 61.0450 mm): Pad B7 [/USB_DN] of J1 on F.Cu
    @(99.7500 mm, 61.0450 mm): Pad A7 [/USB_DN] of J1 on F.Cu
[unconnected_items]: Missing connection between items
    Local override; error
    @(92.8625 mm, 71.9500 mm): Pad 3 [/USB_DN] of U2 on F.Cu
    @(95.1375 mm, 71.9500 mm): Pad 4 [/USB_DN] of U2 on F.Cu
[unconnected_items]: Missing connection between items
    Local override; error
    @(95.1375 mm, 71.9500 mm): Pad 4 [/USB_DN] of U2 on F.Cu
    @(99.7500 mm, 61.0450 mm): Pad A7 [/USB_DN] of J1 on F.Cu
[unconnected_items]: Missing connection between items
    Local override; error
    @(95.1375 mm, 71.9500 mm): Pad 4 [/USB_DN] of U2 on F.Cu
    @(108.7500 mm, 123.0200 mm): Pad 13 [/USB_DN] of U1 on F.Cu
[unconnected_items]: Missing connection between items
    Local override; error
    @(100.2500 mm, 61.0450 mm): Pad A6 [/USB_DP] of J1 on F.Cu
    @(99.2500 mm, 61.0450 mm): Pad B6 [/USB_DP] of J1 on F.Cu
[unconnected_items]: Missing connection between items
    Local override; error
    @(92.8625 mm, 70.0500 mm): Pad 1 [/USB_DP] of U2 on F.Cu
    @(95.1375 mm, 70.0500 mm): Pad 6 [/USB_DP] of U2 on F.Cu
[unconnected_items]: Missing connection between items
    Local override; error
    @(95.1375 mm, 70.0500 mm): Pad 6 [/USB_DP] of U2 on F.Cu
    @(99.2500 mm, 61.0450 mm): Pad B6 [/USB_DP] of J1 on F.Cu
[unconnected_items]: Missing connection between items
    Local override; error
    @(95.1375 mm, 70.0500 mm): Pad 6 [/USB_DP] of U2 on F.Cu
    @(108.7500 mm, 121.7500 mm): Pad 14 [/USB_DP] of U1 on F.Cu
[unconnected_items]: Missing connection between items
    Local override; error
    @(92.5000 mm, 97.5000 mm): PTH pad A [/ENC1_A] of ENC1
    @(104.4450 mm, 120.5000 mm): Pad 17 [/ENC1_A] of U1 on F.Cu
[unconnected_items]: Missing connection between items
    Local override; error
    @(92.5000 mm, 102.5000 mm): PTH pad B [/ENC1_B] of ENC1
    @(103.1750 mm, 120.5000 mm): Pad 18 [/ENC1_B] of U1 on F.Cu
[unconnected_items]: Missing connection between items
    Local override; error
    @(67.5000 mm, 93.5000 mm): PTH pad A [/ENC2_A] of ENC2
    @(101.9050 mm, 120.5000 mm): Pad 19 [/ENC2_A] of U1 on F.Cu
[unconnected_items]: Missing connection between items
    Local override; error
    @(67.5000 mm, 98.5000 mm): PTH pad B [/ENC2_B] of ENC2
    @(100.6350 mm, 120.5000 mm): Pad 20 [/ENC2_B] of U1 on F.Cu
[unconnected_items]: Missing connection between items
    Local override; error
    @(94.2850 mm, 120.5000 mm): Pad 25 [/LED_DIN] of U1 on F.Cu
    @(102.4500 mm, 74.3500 mm): Pad 4 [/LED_DIN] of D2 on F.Cu
[unconnected_items]: Missing connection between items
    Local override; error
    @(89.0000 mm, 117.4900 mm): Pad 2 [/BOOT] of R2 on F.Cu
    @(91.2500 mm, 121.7500 mm): Pad 27 [/BOOT] of U1 on F.Cu
[unconnected_items]: Missing connection between items
    Local override; error
    @(90.8500 mm, 112.1000 mm): Pad 1 [/BOOT] of SW11 on F.Cu
    @(89.0000 mm, 117.4900 mm): Pad 2 [/BOOT] of R2 on F.Cu
[unconnected_items]: Missing connection between items
    Local override; error
    @(97.1500 mm, 112.1000 mm): Pad 1 [/BOOT] of SW11 on F.Cu
    @(90.8500 mm, 112.1000 mm): Pad 1 [/BOOT] of SW11 on F.Cu
[unconnected_items]: Missing connection between items
    Local override; error
    @(122.0000 mm, 81.4900 mm): Pad 2 [/CHG_STAT] of R7 on F.Cu
    @(116.8625 mm, 73.0500 mm): Pad 1 [/CHG_STAT] of U3 on F.Cu
[unconnected_items]: Missing connection between items
    Local override; error
    @(91.2500 mm, 135.7200 mm): Pad 38 [/CHG_STAT] of U1 on F.Cu
    @(122.0000 mm, 81.4900 mm): Pad 2 [/CHG_STAT] of R7 on F.Cu
[unconnected_items]: Missing connection between items
    Local override; error
    @(117.0000 mm, 113.5100 mm): Pad 1 [/VBAT_SENSE] of R9 on F.Cu
    @(120.0000 mm, 113.4800 mm): Pad 1 [/VBAT_SENSE] of C8 on F.Cu
[unconnected_items]: Missing connection between items
    Local override; error
    @(114.0000 mm, 112.4900 mm): Pad 2 [/VBAT_SENSE] of R8 on F.Cu
    @(117.0000 mm, 113.5100 mm): Pad 1 [/VBAT_SENSE] of R9 on F.Cu
[unconnected_items]: Missing connection between items
    Local override; error
    @(114.0000 mm, 112.4900 mm): Pad 2 [/VBAT_SENSE] of R8 on F.Cu
    @(91.2500 mm, 136.9900 mm): Pad 39 [/VBAT_SENSE] of U1 on F.Cu
[unconnected_items]: Missing connection between items
    Local override; error
    @(113.0000 mm, 73.7750 mm): Pad 1 [/VBUS] of C4 on F.Cu
    @(113.6500 mm, 78.0000 mm): Pad 2 [/VBUS] of D1 on F.Cu
[unconnected_items]: Missing connection between items
    Local override; error
    @(111.0625 mm, 82.0500 mm): Pad 1 [/VBUS] of Q1 on F.Cu
    @(113.6500 mm, 78.0000 mm): Pad 2 [/VBUS] of D1 on F.Cu
[unconnected_items]: Missing connection between items
    Local override; error
    @(102.4500 mm, 61.0450 mm): Pad B9 [/VBUS] of J1 on F.Cu
    @(97.5500 mm, 61.0450 mm): Pad B4 [/VBUS] of J1 on F.Cu
[unconnected_items]: Missing connection between items
    Local override; error
    @(115.4900 mm, 86.0000 mm): Pad 1 [/VBUS] of R5 on F.Cu
    @(111.0625 mm, 82.0500 mm): Pad 1 [/VBUS] of Q1 on F.Cu
[unconnected_items]: Missing connection between items
    Local override; error
    @(113.0000 mm, 73.7750 mm): Pad 1 [/VBUS] of C4 on F.Cu
    @(119.1375 mm, 74.9500 mm): Pad 4 [/VBUS] of U3 on F.Cu
[unconnected_items]: Missing connection between items
    Local override; error
    @(97.5500 mm, 61.0450 mm): Pad B4 [/VBUS] of J1 on F.Cu
    @(95.1375 mm, 71.0000 mm): Pad 5 [/VBUS] of U2 on F.Cu
[unconnected_items]: Missing connection between items
    Local override; error
    @(102.4500 mm, 61.0450 mm): Pad B9 [/VBUS] of J1 on F.Cu
    @(113.0000 mm, 73.7750 mm): Pad 1 [/VBUS] of C4 on F.Cu
[unconnected_items]: Missing connection between items
    Local override; error
    @(93.0000 mm, 62.5100 mm): Pad 1 [/CC1] of R3 on F.Cu
    @(101.2500 mm, 61.0450 mm): Pad A5 [/CC1] of J1 on F.Cu
[unconnected_items]: Missing connection between items
    Local override; error
    @(98.2500 mm, 61.0450 mm): Pad B5 [/CC2] of J1 on F.Cu
    @(107.0000 mm, 62.5100 mm): Pad 1 [/CC2] of R4 on F.Cu
[unconnected_items]: Missing connection between items
    Local override; error
    @(102.8625 mm, 85.9500 mm): Pad 3 [/VSYS] of U4 on F.Cu
    @(102.8625 mm, 84.0500 mm): Pad 1 [/VSYS] of U4 on F.Cu
[unconnected_items]: Missing connection between items
    Local override; error
    @(97.5500 mm, 74.3500 mm): Pad 1 [/VSYS] of D2 on F.Cu
    @(95.0000 mm, 76.4800 mm): Pad 1 [/VSYS] of C9 on F.Cu
[unconnected_items]: Missing connection between items
    Local override; error
    @(99.0000 mm, 84.7750 mm): Pad 1 [/VSYS] of C6 on F.Cu
    @(102.8625 mm, 84.0500 mm): Pad 1 [/VSYS] of U4 on F.Cu
[unconnected_items]: Missing connection between items
    Local override; error
    @(111.0625 mm, 83.9500 mm): Pad 2 [/VSYS] of Q1 on F.Cu
    @(110.3500 mm, 78.0000 mm): Pad 1 [/VSYS] of D1 on F.Cu
[unconnected_items]: Missing connection between items
    Local override; error
    @(111.0625 mm, 83.9500 mm): Pad 2 [/VSYS] of Q1 on F.Cu
    @(102.8625 mm, 84.0500 mm): Pad 1 [/VSYS] of U4 on F.Cu
[unconnected_items]: Missing connection between items
    Local override; error
    @(95.0000 mm, 76.4800 mm): Pad 1 [/VSYS] of C9 on F.Cu
    @(99.0000 mm, 84.7750 mm): Pad 1 [/VSYS] of C6 on F.Cu
[unconnected_items]: Missing connection between items
    Local override; error
    @(114.0000 mm, 113.5100 mm): Pad 1 [/VBAT_SW] of R8 on F.Cu
    @(142.1700 mm, 103.2500 mm): Pad 2 [/VBAT_SW] of SW12 on F.Cu
[unconnected_items]: Missing connection between items
    Local override; error
    @(112.9375 mm, 83.0000 mm): Pad 3 [/VBAT_SW] of Q1 on F.Cu
    @(114.0000 mm, 113.5100 mm): Pad 1 [/VBAT_SW] of R8 on F.Cu
[unconnected_items]: Missing connection between items
    Local override; error
    @(123.0000 mm, 72.7750 mm): Pad 1 [/VBAT] of C5 on F.Cu
    @(116.8625 mm, 74.9500 mm): Pad 3 [/VBAT] of U3 on F.Cu
[unconnected_items]: Missing connection between items
    Local override; error
    @(142.1700 mm, 106.2500 mm): Pad 1 [/VBAT] of SW12 on F.Cu
    @(123.0000 mm, 72.7750 mm): Pad 1 [/VBAT] of C5 on F.Cu
[unconnected_items]: Missing connection between items
    Local override; error
    @(116.8625 mm, 74.9500 mm): Pad 3 [/VBAT] of U3 on F.Cu
    @(79.1500 mm, 104.0000 mm): Pad 1 [/VBAT] of J2 on F.Cu
[unconnected_items]: Missing connection between items
    Local override; error
    @(119.1375 mm, 73.0500 mm): Pad 5 [/PROG] of U3 on F.Cu
    @(122.0000 mm, 78.5100 mm): Pad 1 [/PROG] of R6 on F.Cu

** Found 1 Footprint errors **
[net_conflict]: Pad missing net given by schematic (unconnected-(U4-NC-Pad4)).
    Local override; warning
    @(105.1375 mm, 85.9500 mm): Pad 4 [<no net>] of U4 on F.Cu

** End of Report **
