2026-10-07 22:46:33.388 [main] INFO  Freerouting v1.9.0 (build-date: 2023-10-30)
2026-10-07 22:46:33.432 [main] ERROR 
No X11 DISPLAY variable was set,
or no headful library support was found,
but this program performed an operation which requires it.
java.awt.HeadlessException: 
No X11 DISPLAY variable was set,
or no headful library support was found,
but this program performed an operation which requires it.
	at sun.awt.HeadlessToolkit.getScreenSize(HeadlessToolkit.java:186) ~[?:?]
	at app.freerouting.gui.MainApplication.main(MainApplication.java:269) ~[freerouting.jar:unspecified]
2026-10-07 22:46:33.443 [main] ERROR Exception in FRAnalytics.trackAnonymousAction: Cannot invoke "app.freerouting.management.SegmentClient.track(String, String, String, app.freerouting.management.segment.Properties)" because "app.freerouting.management.FRAnalytics.analytics" is null
java.lang.NullPointerException: Cannot invoke "app.freerouting.management.SegmentClient.track(String, String, String, app.freerouting.management.segment.Properties)" because "app.freerouting.management.FRAnalytics.analytics" is null
	at app.freerouting.management.FRAnalytics.trackAnonymousAction(FRAnalytics.java:139) [freerouting.jar:unspecified]
	at app.freerouting.management.FRAnalytics.exceptionThrown(FRAnalytics.java:323) [freerouting.jar:unspecified]
	at app.freerouting.gui.DefaultExceptionHandler.handleException(DefaultExceptionHandler.java:15) [freerouting.jar:unspecified]
	at app.freerouting.gui.DefaultExceptionHandler.uncaughtException(DefaultExceptionHandler.java:29) [freerouting.jar:unspecified]
	at java.lang.ThreadGroup.uncaughtException(ThreadGroup.java:695) [?:?]
	at java.lang.ThreadGroup.uncaughtException(ThreadGroup.java:690) [?:?]
	at java.lang.Thread.dispatchUncaughtException(Thread.java:2902) [?:?]
2026-10-07 22:48:23.852 [main] INFO  Freerouting v1.9.0 (build-date: 2023-10-30)
2026-10-07 22:48:23.891 [main] INFO  Settings were loaded from freerouting.json
2026-10-07 22:48:24.908 [main] INFO  Opening 'route.dsn'...
2026-10-07 22:48:25.321 [ForkJoinPool.commonPool-worker-1] INFO  New version available: v2.5.0
2026-10-07 22:48:46.097 [Thread-22] INFO  Starting auto-routing...
2026-10-07 22:49:11.559 [Thread-22] WARN  There were only 13.85 changes in the last 20 passes, so it's very likely that autorouter can't improve the result much further. It is recommended to stop it and finish the board manually.
2026-10-07 22:49:20.943 [Thread-22] INFO  Auto-routing was completed in 34.84 seconds.
2026-10-07 22:49:21.045 [Thread-22] INFO  Starting route optimization on 1 thread...
2026-10-07 22:49:23.521 [Thread-22] INFO  Route optimization was completed in 2.48 seconds.
2026-10-07 22:49:23.534 [Thread-22] INFO  Saving 'route.ses'...
2026-10-07 22:49:58.381 [main] INFO  Freerouting v1.9.0 (build-date: 2023-10-30)
2026-10-07 22:49:58.424 [main] INFO  Settings were loaded from freerouting.json
2026-10-07 22:49:59.445 [main] INFO  Opening 'route.dsn'...
2026-10-07 22:49:59.940 [ForkJoinPool.commonPool-worker-1] INFO  New version available: v2.5.0
2026-10-07 22:50:20.726 [Thread-22] INFO  Starting auto-routing...
2026-10-07 22:50:29.129 [Thread-22] INFO  Auto-routing was completed in 8.40 seconds.
2026-10-07 22:50:29.231 [Thread-22] INFO  Starting route optimization on 1 thread...
2026-10-07 22:52:53.747 [Thread-22] INFO  Route optimization was completed in 2 minute(s) 24.51 seconds and it improved the design by ~50.36%.
2026-10-07 22:52:53.762 [Thread-22] INFO  Saving 'route.ses'...
2026-10-07 22:53:02.728 [main] INFO  Freerouting v1.9.0 (build-date: 2023-10-30)
2026-10-07 22:53:02.766 [main] INFO  Settings were loaded from freerouting.json
2026-10-07 22:53:03.786 [main] INFO  Opening 'route.dsn'...
2026-10-07 22:53:04.220 [ForkJoinPool.commonPool-worker-1] INFO  New version available: v2.5.0
2026-10-07 22:53:24.929 [Thread-22] INFO  Starting auto-routing...
2026-10-07 22:53:31.846 [Thread-22] INFO  Auto-routing was completed in 6.92 seconds.
2026-10-07 22:53:31.947 [Thread-22] INFO  Starting route optimization on 1 thread...
2026-10-07 22:55:53.813 [Thread-22] INFO  Route optimization was completed in 2 minute(s) 21.86 seconds and it improved the design by ~50.36%.
2026-10-07 22:55:53.827 [Thread-22] INFO  Saving 'route.ses'...
2026-10-07 22:57:59.625 [main] INFO  Freerouting v1.9.0 (build-date: 2023-10-30)
2026-10-07 22:57:59.668 [main] INFO  Settings were loaded from freerouting.json
2026-10-07 22:58:00.707 [main] INFO  Opening 'route.dsn'...
2026-10-07 22:58:01.317 [ForkJoinPool.commonPool-worker-1] INFO  New version available: v2.5.0
2026-10-07 22:58:21.960 [Thread-22] INFO  Starting auto-routing...
2026-10-07 22:58:29.081 [Thread-22] INFO  Auto-routing was completed in 7.12 seconds.
2026-10-07 22:58:29.183 [Thread-22] INFO  Starting route optimization on 1 thread...
2026-10-07 23:12:04.222 [Thread-22] INFO  Route optimization was completed in 13 minute(s) 35.04 seconds and it improved the design by ~48.91%.
2026-10-07 23:12:04.242 [Thread-22] INFO  Saving 'route.ses'...
2026-10-07 23:13:11.763 [main] INFO  Freerouting v1.9.0 (build-date: 2023-10-30)
2026-10-07 23:13:11.804 [main] INFO  Settings were loaded from freerouting.json
2026-10-07 23:13:12.824 [main] INFO  Opening 'route.dsn'...
2026-10-07 23:13:13.243 [ForkJoinPool.commonPool-worker-1] INFO  New version available: v2.5.0
2026-10-07 23:13:34.168 [Thread-22] INFO  Starting auto-routing...
2026-10-07 23:13:40.547 [Thread-22] INFO  Auto-routing was completed in 6.38 seconds.
2026-10-07 23:13:40.648 [Thread-22] INFO  Starting route optimization on 1 thread...
2026-10-07 23:14:06.082 [main] INFO  Freerouting v1.9.0 (build-date: 2023-10-30)
2026-10-07 23:14:06.122 [main] INFO  Settings were loaded from freerouting.json
2026-10-07 23:14:07.141 [main] INFO  Opening 'route.dsn'...
2026-10-07 23:14:07.573 [ForkJoinPool.commonPool-worker-1] INFO  New version available: v2.5.0
2026-10-07 23:14:28.557 [Thread-22] INFO  Starting auto-routing...
2026-10-07 23:14:33.445 [Thread-22] INFO  Auto-routing was completed in 4.89 seconds.
2026-10-07 23:14:33.546 [Thread-22] INFO  Starting route optimization on 1 thread...
2026-10-07 23:15:25.987 [main] INFO  Freerouting v1.9.0 (build-date: 2023-10-30)
2026-10-07 23:15:26.026 [main] INFO  Settings were loaded from freerouting.json
2026-10-07 23:15:27.046 [main] INFO  Opening 'route.dsn'...
2026-10-07 23:15:27.481 [ForkJoinPool.commonPool-worker-1] INFO  New version available: v2.5.0
2026-10-07 23:15:48.478 [Thread-22] INFO  Starting auto-routing...
2026-10-07 23:15:54.171 [Thread-22] INFO  Auto-routing was completed in 5.69 seconds.
2026-10-07 23:15:54.273 [Thread-22] INFO  Starting route optimization on 1 thread...
2026-10-07 23:17:53.261 [Thread-22] INFO  Route optimization was completed in 1 minute(s) 58.99 seconds and it improved the design by ~52.44%.
2026-10-07 23:17:53.277 [Thread-22] INFO  Saving 'route.ses'...
2026-10-07 23:44:20.984 [main] INFO  Freerouting v1.9.0 (build-date: 2023-10-30)
2026-10-07 23:44:21.022 [main] INFO  Settings were loaded from freerouting.json
2026-10-07 23:44:22.039 [main] INFO  Opening 'route.dsn'...
2026-10-07 23:44:22.536 [ForkJoinPool.commonPool-worker-1] INFO  New version available: v2.5.0
2026-10-07 23:44:43.458 [Thread-22] INFO  Starting auto-routing...
2026-10-07 23:44:49.281 [Thread-22] INFO  Auto-routing was completed in 5.82 seconds.
2026-10-07 23:44:49.383 [Thread-22] INFO  Starting route optimization on 1 thread...
2026-10-07 23:45:56.305 [main] INFO  Freerouting v1.9.0 (build-date: 2023-10-30)
2026-10-07 23:45:56.345 [main] INFO  Settings were loaded from freerouting.json
2026-10-07 23:45:57.363 [main] INFO  Opening 'route.dsn'...
2026-10-07 23:45:57.869 [ForkJoinPool.commonPool-worker-1] INFO  New version available: v2.5.0
2026-10-07 23:46:18.910 [Thread-22] INFO  Starting auto-routing...
2026-10-07 23:46:27.760 [Thread-22] INFO  Auto-routing was completed in 8.85 seconds.
2026-10-07 23:46:27.862 [Thread-22] INFO  Starting route optimization on 1 thread...
2026-10-07 23:56:25.955 [Thread-22] WARN  CalcFromSide: start corner was not found
2026-10-08 00:08:09.124 [Thread-22] INFO  Route optimization was completed in 21 minute(s) 41.26 seconds and it improved the design by ~51.25%.
2026-10-08 00:08:09.141 [Thread-22] INFO  Saving 'route.ses'...
2026-10-08 00:16:22.339 [main] INFO  Freerouting v1.9.0 (build-date: 2023-10-30)
2026-10-08 00:16:22.379 [main] INFO  Settings were loaded from freerouting.json
2026-10-08 00:16:23.400 [main] INFO  Opening 'route.dsn'...
2026-10-08 00:16:23.829 [ForkJoinPool.commonPool-worker-1] INFO  New version available: v2.5.0
2026-10-08 00:16:44.702 [Thread-22] INFO  Starting auto-routing...
2026-10-08 00:16:52.707 [Thread-22] INFO  Auto-routing was completed in 8.00 seconds.
2026-10-08 00:16:52.809 [Thread-22] INFO  Starting route optimization on 1 thread...
2026-10-08 00:46:21.638 [main] INFO  Freerouting v1.9.0 (build-date: 2023-10-30)
2026-10-08 00:46:21.679 [main] INFO  Settings were loaded from freerouting.json
2026-10-08 00:46:22.701 [main] INFO  Opening 'route.dsn'...
2026-10-08 00:46:23.107 [ForkJoinPool.commonPool-worker-1] INFO  New version available: v2.5.0
2026-10-08 00:46:44.130 [Thread-22] INFO  Starting auto-routing...
2026-10-08 00:46:51.629 [Thread-22] INFO  Auto-routing was completed in 7.50 seconds.
2026-10-08 00:46:51.730 [Thread-22] INFO  Starting route optimization on 1 thread...
2026-10-08 00:48:00.526 [Thread-22] INFO  Route optimization was completed in 1 minute(s) 8.79 seconds and it improved the design by ~51.73%.
2026-10-08 00:48:00.543 [Thread-22] INFO  Saving 'route.ses'...
2026-10-08 00:48:45.091 [main] INFO  Freerouting v1.9.0 (build-date: 2023-10-30)
2026-10-08 00:48:45.133 [main] INFO  Settings were loaded from freerouting.json
2026-10-08 00:48:46.152 [main] INFO  Opening 'route.dsn'...
2026-10-08 00:48:46.593 [ForkJoinPool.commonPool-worker-1] INFO  New version available: v2.5.0
2026-10-08 00:49:07.310 [Thread-22] INFO  Starting auto-routing...
2026-10-08 00:49:16.590 [Thread-22] INFO  Auto-routing was completed in 9.28 seconds.
2026-10-08 00:49:16.691 [Thread-22] INFO  Starting route optimization on 1 thread...
2026-10-08 00:49:59.146 [Thread-22] INFO  Route optimization was completed in 42.45 seconds and it improved the design by ~1.21%.
2026-10-08 00:49:59.163 [Thread-22] INFO  Saving 'route.ses'...
2026-10-08 00:50:22.945 [main] INFO  Freerouting v1.9.0 (build-date: 2023-10-30)
2026-10-08 00:50:22.984 [main] INFO  Settings were loaded from freerouting.json
2026-10-08 00:50:24.003 [main] INFO  Opening 'route.dsn'...
2026-10-08 00:50:24.415 [ForkJoinPool.commonPool-worker-1] INFO  New version available: v2.5.0
2026-10-08 00:50:45.202 [Thread-22] INFO  Starting auto-routing...
2026-10-08 00:50:53.515 [Thread-22] INFO  Auto-routing was completed in 8.31 seconds.
2026-10-08 00:50:53.616 [Thread-22] INFO  Starting route optimization on 1 thread...
2026-10-08 00:52:29.092 [Thread-22] INFO  Route optimization was completed in 1 minute(s) 35.47 seconds and it improved the design by ~52.97%.
2026-10-08 00:52:29.110 [Thread-22] INFO  Saving 'route.ses'...
2026-10-08 01:16:29.834 [main] INFO  Freerouting v1.9.0 (build-date: 2023-10-30)
2026-10-08 01:16:29.871 [main] INFO  Settings were loaded from freerouting.json
2026-10-08 01:16:30.888 [main] INFO  Opening 'route.dsn'...
2026-10-08 01:16:31.343 [ForkJoinPool.commonPool-worker-1] INFO  New version available: v2.5.0
2026-10-08 01:16:52.110 [Thread-22] INFO  Starting auto-routing...
2026-10-08 01:17:55.796 [Thread-22] WARN  There were only 17.95 changes in the last 20 passes, so it's very likely that autorouter can't improve the result much further. It is recommended to stop it and finish the board manually.
2026-10-08 01:18:54.183 [Thread-22] WARN  There were only 11.30 changes in the last 40 passes, so it's very likely that autorouter can't improve the result much further. It is recommended to stop it and finish the board manually.
2026-10-08 01:19:37.780 [Thread-22] INFO  Auto-routing was completed in 2 minute(s) 45.67 seconds.
2026-10-08 01:19:37.882 [Thread-22] INFO  Starting route optimization on 1 thread...
2026-10-08 01:19:44.387 [Thread-22] INFO  Route optimization was completed in 6.50 seconds.
2026-10-08 01:19:44.404 [Thread-22] INFO  Saving 'route.ses'...
2026-10-08 01:29:09.304 [main] INFO  Freerouting v1.9.0 (build-date: 2023-10-30)
2026-10-08 01:29:09.343 [main] INFO  Settings were loaded from freerouting.json
2026-10-08 01:29:10.362 [main] INFO  Opening 'route.dsn'...
2026-10-08 01:29:10.780 [ForkJoinPool.commonPool-worker-1] INFO  New version available: v2.5.0
2026-10-08 01:29:31.557 [Thread-22] INFO  Starting auto-routing...
2026-10-08 01:29:59.492 [Thread-22] WARN  There were only 17.50 changes in the last 20 passes, so it's very likely that autorouter can't improve the result much further. It is recommended to stop it and finish the board manually.
2026-10-08 01:30:12.665 [Thread-22] WARN  There were only 7.83 changes in the last 40 passes, so it's very likely that autorouter can't improve the result much further. It is recommended to stop it and finish the board manually.
2026-10-08 01:30:23.098 [Thread-22] INFO  Auto-routing was completed in 51.54 seconds.
2026-10-08 01:30:23.200 [Thread-22] INFO  Starting route optimization on 1 thread...
2026-10-08 01:30:31.099 [Thread-22] INFO  Route optimization was completed in 7.90 seconds.
2026-10-08 01:30:31.114 [Thread-22] INFO  Saving 'route.ses'...
2026-10-08 02:01:09.599 [main] INFO  Freerouting v1.9.0 (build-date: 2023-10-30)
2026-10-08 02:01:09.685 [main] INFO  Settings were loaded from freerouting.json
2026-10-08 02:01:10.720 [main] INFO  Opening 'route.dsn'...
2026-10-08 02:01:11.188 [ForkJoinPool.commonPool-worker-1] INFO  New version available: v2.5.0
2026-10-08 02:01:32.538 [Thread-22] INFO  Starting auto-routing...
2026-10-08 02:01:48.864 [Thread-22] INFO  Auto-routing was completed in 16.32 seconds.
2026-10-08 02:01:48.966 [Thread-22] INFO  Starting route optimization on 1 thread...
2026-10-08 02:03:43.202 [Thread-22] INFO  Route optimization was completed in 1 minute(s) 54.23 seconds and it improved the design by ~51.63%.
2026-10-08 02:03:43.238 [Thread-22] INFO  Saving 'route.ses'...
